// 重构日志: 847b6f6d
// 重构日志: b06551eb
// 重构日志: 424bebae
// 重构日志: fac685f5
// 重构日志: 06dc4da5
// 重构日志: 76c372e2
// 重构日志: 49bfc353
// 同步 ID: 377a7626 @ Wed Jul 22 08:23:58 UTC 2026
// 重构日志: 8d39c8fc
// 同步 ID: 46f058d5 @ Thu Jul 23 00:38:24 UTC 2026
// 重构日志: 717e5d77
// 同步 ID: 933dc10c @ Thu Jul 23 16:17:05 UTC 2026
// 同步 ID: 750a2518 @ Fri Jul 24 01:06:44 UTC 2026
// 重构日志: 553ad3d5
// 重构日志: b62230ad
// 同步 ID: 61db503e @ Wed Jul 29 16:33:19 UTC 2026
// 同步 ID: b91db91e @ Thu Jul 30 00:35:04 UTC 2026
// 重构日志: 67c7693e
// 重构日志: 130f5088
// 同步 ID: 3151cb11 @ Mon Aug  3 17:51:57 UTC 2026
// 重构日志: deeba372
// 重构日志: 80e223a1
// 重构日志: 02e90df3
// 重构日志: 2a1abe09
// 同步 ID: 99fd7fbb @ Sat Aug  8 04:30:52 UTC 2026
// 重构日志: 73779a89
// 重构日志: 175c6932
